Mon May 25 11:42:59 UTC 2026 - Executing "openroad -exit -no_init -python /openlane/scripts/odbpy/lefutil.py get_metal_layers -o /openlane/designs/spm/runs/RUN_2026.05.25_11.42.59/tmp/layers.list /home/loganathan/.ciel/sky130A/libs.ref/sky130_fd_sc_hd/techlef/sky130_fd_sc_hd__nom.tlef"

Mon May 25 11:43:01 UTC 2026 - Executing "/openlane/scripts/mergeLef.py -o /openlane/designs/spm/runs/RUN_2026.05.25_11.42.59/tmp/merged.nom.lef -i /home/loganathan/.ciel/sky130A/libs.ref/sky130_fd_sc_hd/techlef/sky130_fd_sc_hd__nom.tlef {/home/loganathan/.ciel/sky130A/libs.ref/sky130_fd_sc_hd/lef/sky130_fd_sc_hd.lef /home/loganathan/.ciel/sky130A/libs.ref/sky130_fd_sc_hd/lef/sky130_ef_sc_hd.lef} |& tee /dev/null"

Mon May 25 11:43:01 UTC 2026 - Executing "/openlane/scripts/mergeLef.py -o /openlane/designs/spm/runs/RUN_2026.05.25_11.42.59/tmp/merged.min.lef -i /home/loganathan/.ciel/sky130A/libs.ref/sky130_fd_sc_hd/techlef/sky130_fd_sc_hd__min.tlef {/home/loganathan/.ciel/sky130A/libs.ref/sky130_fd_sc_hd/lef/sky130_fd_sc_hd.lef /home/loganathan/.ciel/sky130A/libs.ref/sky130_fd_sc_hd/lef/sky130_ef_sc_hd.lef} |& tee /dev/null"

Mon May 25 11:43:01 UTC 2026 - Executing "/openlane/scripts/mergeLef.py -o /openlane/designs/spm/runs/RUN_2026.05.25_11.42.59/tmp/merged.max.lef -i /home/loganathan/.ciel/sky130A/libs.ref/sky130_fd_sc_hd/techlef/sky130_fd_sc_hd__max.tlef {/home/loganathan/.ciel/sky130A/libs.ref/sky130_fd_sc_hd/lef/sky130_fd_sc_hd.lef /home/loganathan/.ciel/sky130A/libs.ref/sky130_fd_sc_hd/lef/sky130_ef_sc_hd.lef} |& tee /dev/null"

Mon May 25 11:43:02 UTC 2026 - Executing "python3 /openlane/scripts/mergeLib.py --output /openlane/designs/spm/runs/RUN_2026.05.25_11.42.59/tmp/synthesis/merged.lib --name sky130A_merged /home/loganathan/.ciel/sky130A/libs.ref/sky130_fd_sc_hd/lib/sky130_fd_sc_hd__tt_025C_1v80.lib"

Mon May 25 11:43:02 UTC 2026 - Executing "python3 /openlane/scripts/libtrim.py --cell-file /openlane/designs/spm/runs/RUN_2026.05.25_11.42.59/tmp/synthesis/trimmed.lib.exclude.list --output /openlane/designs/spm/runs/RUN_2026.05.25_11.42.59/tmp/synthesis/trimmed.lib /openlane/designs/spm/runs/RUN_2026.05.25_11.42.59/tmp/synthesis/merged.lib"

Mon May 25 11:43:03 UTC 2026 - Executing "python3 /openlane/scripts/libtrim.py --cell-file /openlane/designs/spm/runs/RUN_2026.05.25_11.42.59/tmp/cts/cts.lib.exclude.list --output /openlane/designs/spm/runs/RUN_2026.05.25_11.42.59/tmp/cts/cts.lib /home/loganathan/.ciel/sky130A/libs.ref/sky130_fd_sc_hd/lib/sky130_fd_sc_hd__tt_025C_1v80.lib"

Mon May 25 11:43:03 UTC 2026 - Executing "python3 /openlane/scripts/libtrim.py --cell-file /openlane/designs/spm/runs/RUN_2026.05.25_11.42.59/tmp/cts/cts-fastest.lib.exclude.list --output /openlane/designs/spm/runs/RUN_2026.05.25_11.42.59/tmp/cts/cts-fastest.lib /home/loganathan/.ciel/sky130A/libs.ref/sky130_fd_sc_hd/lib/sky130_fd_sc_hd__ff_n40C_1v95.lib"

Mon May 25 11:43:04 UTC 2026 - Executing "python3 /openlane/scripts/libtrim.py --cell-file /openlane/designs/spm/runs/RUN_2026.05.25_11.42.59/tmp/cts/cts-slowest.lib.exclude.list --output /openlane/designs/spm/runs/RUN_2026.05.25_11.42.59/tmp/cts/cts-slowest.lib /home/loganathan/.ciel/sky130A/libs.ref/sky130_fd_sc_hd/lib/sky130_fd_sc_hd__ss_100C_1v60.lib"

Mon May 25 11:43:05 UTC 2026 - Executing "python3 /openlane/scripts/new_tracks.py -i /home/loganathan/.ciel/sky130A/libs.tech/openlane/sky130_fd_sc_hd/tracks.info -o /openlane/designs/spm/runs/RUN_2026.05.25_11.42.59/tmp/routing/config.tracks"

Mon May 25 11:43:05 UTC 2026 - Executing "echo {OpenLane ff5509f65b17bfa4068d5336495ab1718987ff69} > /openlane/designs/spm/runs/RUN_2026.05.25_11.42.59/OPENLANE_COMMIT"

Mon May 25 11:43:05 UTC 2026 - Executing "bash -c {verilator  --lint-only  -Wall  --Wno-DECLFILENAME  --top-module spm  /openlane/designs/spm/src/spm.v -Wno-fatal --relative-includes |& tee /openlane/designs/spm/runs/RUN_2026.05.25_11.42.59/logs/synthesis/linter.log /dev/null}"

Mon May 25 11:43:06 UTC 2026 - Executing "sed -E {s/^([[:space:]]+)pg_pin(.*)/\1pin\2\n\1    direction : "inout";/g} /home/loganathan/.ciel/sky130A/libs.ref/sky130_fd_sc_hd/lib/sky130_fd_sc_hd__tt_025C_1v80.lib > /openlane/designs/spm/runs/RUN_2026.05.25_11.42.59/tmp/synthesis/1-sky130_fd_sc_hd__tt_025C_1v80.no_pg.lib"

Mon May 25 11:43:06 UTC 2026 - Executing "sed -E {s/^([[:space:]]+)pg_pin(.*)/\1pin\2\n\1    direction : "inout";/g} /openlane/designs/spm/runs/RUN_2026.05.25_11.42.59/tmp/synthesis/trimmed.lib > /openlane/designs/spm/runs/RUN_2026.05.25_11.42.59/tmp/synthesis/1-trimmed.no_pg.lib"

Mon May 25 11:43:06 UTC 2026 - Executing "yosys -c /openlane/scripts/yosys/synth.tcl |& tee /dev/null /openlane/designs/spm/runs/RUN_2026.05.25_11.42.59/logs/synthesis/1-synthesis.log"

Mon May 25 11:43:08 UTC 2026 - Executing "sed -i.bak -e {s/\(set ::env(CURRENT_NETLIST)\).*/\1 \/openlane\/designs\/spm\/runs\/RUN_2026.05.25_11.42.59\/results\/synthesis\/spm.v/} /openlane/designs/spm/runs/RUN_2026.05.25_11.42.59/config.tcl"

Mon May 25 11:43:08 UTC 2026 - Executing "sed -i.bak /defparam/d /openlane/designs/spm/runs/RUN_2026.05.25_11.42.59/results/synthesis/spm.v"

Mon May 25 11:43:08 UTC 2026 - Executing "sta -exit -no_init /openlane/scripts/openroad/sta/multi_corner.tcl |& tee /dev/null /openlane/designs/spm/runs/RUN_2026.05.25_11.42.59/logs/synthesis/2-sta.log"

Mon May 25 11:43:10 UTC 2026 - Executing "openroad -exit /openlane/scripts/openroad/floorplan.tcl |& tee /dev/null /openlane/designs/spm/runs/RUN_2026.05.25_11.42.59/logs/floorplan/3-initial_fp.log"

Mon May 25 11:43:11 UTC 2026 - Executing "openroad -exit -no_init -python /openlane/scripts/odbpy/snap_to_grid.py --output /openlane/designs/spm/runs/RUN_2026.05.25_11.42.59/tmp/floorplan/3-minimized_pdn.txt --input-lef /openlane/designs/spm/runs/RUN_2026.05.25_11.42.59/tmp/merged.nom.lef 11.3275 11.22 22.655 22.44"

Mon May 25 11:43:12 UTC 2026 - Executing "openroad -exit -no_init -python /openlane/scripts/odbpy/defutil.py extract_core_dims --output-data /openlane/designs/spm/runs/RUN_2026.05.25_11.42.59/tmp/dimensions.txt --input-lef /openlane/designs/spm/runs/RUN_2026.05.25_11.42.59/tmp/merged.nom.lef /openlane/designs/spm/runs/RUN_2026.05.25_11.42.59/tmp/floorplan/3-initial_fp.def"

Mon May 25 11:43:12 UTC 2026 - Executing "openroad -exit -no_init -python /openlane/scripts/odbpy/io_place.py --config /openlane/designs/spm/pin_order.cfg --hor-layer met3 --ver-layer met2 --ver-width-mult 2 --hor-width-mult 2 --hor-extension 0 --ver-extension 0 --length 4 --unmatched-error --input-lef /openlane/designs/spm/runs/RUN_2026.05.25_11.42.59/tmp/merged.nom.lef --output-def /openlane/designs/spm/runs/RUN_2026.05.25_11.42.59/tmp/floorplan/4-io.def --output /openlane/designs/spm/runs/RUN_2026.05.25_11.42.59/tmp/floorplan/4-io.odb /openlane/designs/spm/runs/RUN_2026.05.25_11.42.59/tmp/floorplan/3-initial_fp.odb |& tee /dev/null /openlane/designs/spm/runs/RUN_2026.05.25_11.42.59/logs/floorplan/4-place_io.log"

Mon May 25 11:43:13 UTC 2026 - Executing "openroad -exit /openlane/scripts/openroad/tapcell.tcl |& tee /dev/null /openlane/designs/spm/runs/RUN_2026.05.25_11.42.59/logs/floorplan/5-tap.log"

Mon May 25 11:43:14 UTC 2026 - Executing "openroad -exit /openlane/scripts/openroad/pdn.tcl |& tee /dev/null /openlane/designs/spm/runs/RUN_2026.05.25_11.42.59/logs/floorplan/6-pdn.log"

Mon May 25 11:43:16 UTC 2026 - Executing "openroad -exit /openlane/scripts/openroad/gpl.tcl |& tee /dev/null /openlane/designs/spm/runs/RUN_2026.05.25_11.42.59/logs/placement/7-global.log"

Mon May 25 11:43:18 UTC 2026 - Executing "sed -i.bak -e {s/\(set ::env(CURRENT_NETLIST)\).*/\1 \/openlane\/designs\/spm\/runs\/RUN_2026.05.25_11.42.59\/tmp\/placement\/7-global.nl.v/} /openlane/designs/spm/runs/RUN_2026.05.25_11.42.59/config.tcl"

Mon May 25 11:43:18 UTC 2026 - Executing "openroad -exit /openlane/scripts/openroad/sta/multi_corner.tcl |& tee /dev/null /openlane/designs/spm/runs/RUN_2026.05.25_11.42.59/logs/placement/8-gpl_sta.log"

Mon May 25 11:43:20 UTC 2026 - Executing "openroad -exit /openlane/scripts/openroad/resizer.tcl |& tee /dev/null /openlane/designs/spm/runs/RUN_2026.05.25_11.42.59/logs/placement/9-resizer.log"

Mon May 25 11:43:22 UTC 2026 - Executing "sed -i.bak -e {s/\(set ::env(CURRENT_NETLIST)\).*/\1 \/openlane\/designs\/spm\/runs\/RUN_2026.05.25_11.42.59\/tmp\/placement\/9-resizer.nl.v/} /openlane/designs/spm/runs/RUN_2026.05.25_11.42.59/config.tcl"

Mon May 25 11:43:22 UTC 2026 - Executing "openroad -exit /openlane/scripts/openroad/dpl.tcl |& tee /dev/null /openlane/designs/spm/runs/RUN_2026.05.25_11.42.59/logs/placement/10-detailed.log"

Mon May 25 11:43:23 UTC 2026 - Executing "sed -i.bak -e {s/\(set ::env(CURRENT_NETLIST)\).*/\1 \/openlane\/designs\/spm\/runs\/RUN_2026.05.25_11.42.59\/results\/placement\/spm.nl.v/} /openlane/designs/spm/runs/RUN_2026.05.25_11.42.59/config.tcl"

Mon May 25 11:43:23 UTC 2026 - Executing "openroad -exit /openlane/scripts/openroad/sta/multi_corner.tcl |& tee /dev/null /openlane/designs/spm/runs/RUN_2026.05.25_11.42.59/logs/placement/11-dpl_sta.log"

Mon May 25 11:43:24 UTC 2026 - Executing "openroad -exit /openlane/scripts/openroad/cts.tcl |& tee /dev/null /openlane/designs/spm/runs/RUN_2026.05.25_11.42.59/logs/cts/12-cts.log"

Mon May 25 11:44:18 UTC 2026 - Executing "openroad -exit /openlane/scripts/openroad/sta/multi_corner.tcl |& tee /dev/null /openlane/designs/spm/runs/RUN_2026.05.25_11.42.59/logs/cts/13-cts_sta.log"

Mon May 25 11:44:19 UTC 2026 - Executing "openroad -exit /openlane/scripts/openroad/resizer_timing.tcl |& tee /dev/null /openlane/designs/spm/runs/RUN_2026.05.25_11.42.59/logs/cts/14-resizer.log"

Mon May 25 11:44:21 UTC 2026 - Executing "sed -i.bak -e {s/\(set ::env(CURRENT_NETLIST)\).*/\1 \/openlane\/designs\/spm\/runs\/RUN_2026.05.25_11.42.59\/tmp\/cts\/14-spm.resized.nl.v/} /openlane/designs/spm/runs/RUN_2026.05.25_11.42.59/config.tcl"

Mon May 25 11:44:22 UTC 2026 - Executing "openroad -exit /openlane/scripts/openroad/resizer_routing_design.tcl |& tee /dev/null /openlane/designs/spm/runs/RUN_2026.05.25_11.42.59/logs/routing/15-resizer_design.log"

Mon May 25 11:44:25 UTC 2026 - Executing "sed -i.bak -e {s/\(set ::env(CURRENT_NETLIST)\).*/\1 \/openlane\/designs\/spm\/runs\/RUN_2026.05.25_11.42.59\/tmp\/15-spm.nl.v/} /openlane/designs/spm/runs/RUN_2026.05.25_11.42.59/config.tcl"

Mon May 25 11:44:25 UTC 2026 - Executing "openroad -exit /openlane/scripts/openroad/sta/multi_corner.tcl |& tee /dev/null /openlane/designs/spm/runs/RUN_2026.05.25_11.42.59/logs/routing/16-rsz_design_sta.log"

Mon May 25 11:44:26 UTC 2026 - Executing "openroad -exit /openlane/scripts/openroad/resizer_routing_timing.tcl |& tee /dev/null /openlane/designs/spm/runs/RUN_2026.05.25_11.42.59/logs/routing/17-resizer_timing.log"

Mon May 25 11:44:28 UTC 2026 - Executing "sed -i.bak -e {s/\(set ::env(CURRENT_NETLIST)\).*/\1 \/openlane\/designs\/spm\/runs\/RUN_2026.05.25_11.42.59\/tmp\/17-spm.nl.v/} /openlane/designs/spm/runs/RUN_2026.05.25_11.42.59/config.tcl"

Mon May 25 11:44:29 UTC 2026 - Executing "openroad -exit /openlane/scripts/openroad/sta/multi_corner.tcl |& tee /dev/null /openlane/designs/spm/runs/RUN_2026.05.25_11.42.59/logs/routing/18-rsz_timing_sta.log"

Mon May 25 11:44:30 UTC 2026 - Executing "openroad -exit /openlane/scripts/openroad/groute.tcl |& tee /dev/null /openlane/designs/spm/runs/RUN_2026.05.25_11.42.59/logs/routing/19-global.log"

Mon May 25 11:44:31 UTC 2026 - Executing "openroad -exit /openlane/scripts/openroad/write_views.tcl |& tee /dev/null /openlane/designs/spm/runs/RUN_2026.05.25_11.42.59/logs/routing/19-global_write_netlist.log"

Mon May 25 11:44:32 UTC 2026 - Executing "sed -i.bak -e {s/\(set ::env(CURRENT_NETLIST)\).*/\1 \/openlane\/designs\/spm\/runs\/RUN_2026.05.25_11.42.59\/tmp\/routing\/global.nl.v/} /openlane/designs/spm/runs/RUN_2026.05.25_11.42.59/config.tcl"

Mon May 25 11:44:32 UTC 2026 - Executing "openroad -exit /openlane/scripts/openroad/sta/multi_corner.tcl |& tee /dev/null /openlane/designs/spm/runs/RUN_2026.05.25_11.42.59/logs/routing/21-grt_sta.log"

Mon May 25 11:44:34 UTC 2026 - Executing "openroad -exit /openlane/scripts/openroad/fill.tcl |& tee /dev/null /openlane/designs/spm/runs/RUN_2026.05.25_11.42.59/logs/routing/22-fill.log"

Mon May 25 11:44:35 UTC 2026 - Executing "sed -i.bak -e {s/\(set ::env(CURRENT_NETLIST)\).*/\1 \/openlane\/designs\/spm\/runs\/RUN_2026.05.25_11.42.59\/tmp\/routing\/22-fill.nl.v/} /openlane/designs/spm/runs/RUN_2026.05.25_11.42.59/config.tcl"

Mon May 25 11:44:35 UTC 2026 - Executing "openroad -exit /openlane/scripts/openroad/droute.tcl |& tee /dev/null /openlane/designs/spm/runs/RUN_2026.05.25_11.42.59/logs/routing/23-detailed.log"

Mon May 25 11:45:03 UTC 2026 - Executing "sed -i.bak -e {s/\(set ::env(CURRENT_NETLIST)\).*/\1 \/openlane\/designs\/spm\/runs\/RUN_2026.05.25_11.42.59\/results\/routing\/spm.nl.v/} /openlane/designs/spm/runs/RUN_2026.05.25_11.42.59/config.tcl"

Mon May 25 11:45:03 UTC 2026 - Executing "python3 /openlane/scripts/drc_rosetta.py tr to_klayout -o /openlane/designs/spm/runs/RUN_2026.05.25_11.42.59/reports/routing/drt.klayout.xml --design-name spm /openlane/designs/spm/runs/RUN_2026.05.25_11.42.59/reports/routing/drt.drc"

Mon May 25 11:45:03 UTC 2026 - Executing "openroad -exit -no_init -python /openlane/scripts/odbpy/wire_lengths.py --report-out /openlane/designs/spm/runs/RUN_2026.05.25_11.42.59/reports/routing/24-wire_lengths.csv --input-lef /openlane/designs/spm/runs/RUN_2026.05.25_11.42.59/tmp/merged.nom.lef --output-def /dev/null --output /openlane/designs/spm/runs/RUN_2026.05.25_11.42.59/results/routing/spm.odb /openlane/designs/spm/runs/RUN_2026.05.25_11.42.59/results/routing/spm.odb |& tee /dev/null /openlane/designs/spm/runs/RUN_2026.05.25_11.42.59/logs/routing/24-wire_lengths.log"

Mon May 25 11:45:04 UTC 2026 - Executing "openroad -exit /openlane/scripts/openroad/rcx.tcl |& tee /dev/null /openlane/designs/spm/runs/RUN_2026.05.25_11.42.59/logs/signoff/25-parasitics_extraction.min.log"

Mon May 25 11:45:05 UTC 2026 - Executing "sta -exit -no_init /openlane/scripts/openroad/sta/multi_corner.tcl |& tee /dev/null /openlane/designs/spm/runs/RUN_2026.05.25_11.42.59/logs/signoff/26-rcx_mcsta.min.log"

Mon May 25 11:45:08 UTC 2026 - Executing "openroad -exit /openlane/scripts/openroad/rcx.tcl |& tee /dev/null /openlane/designs/spm/runs/RUN_2026.05.25_11.42.59/logs/signoff/27-parasitics_extraction.max.log"

Mon May 25 11:45:09 UTC 2026 - Executing "sta -exit -no_init /openlane/scripts/openroad/sta/multi_corner.tcl |& tee /dev/null /openlane/designs/spm/runs/RUN_2026.05.25_11.42.59/logs/signoff/28-rcx_mcsta.max.log"

Mon May 25 11:45:13 UTC 2026 - Executing "openroad -exit /openlane/scripts/openroad/rcx.tcl |& tee /dev/null /openlane/designs/spm/runs/RUN_2026.05.25_11.42.59/logs/signoff/29-parasitics_extraction.nom.log"

Mon May 25 11:45:14 UTC 2026 - Executing "sta -exit -no_init /openlane/scripts/openroad/sta/multi_corner.tcl |& tee /dev/null /openlane/designs/spm/runs/RUN_2026.05.25_11.42.59/logs/signoff/30-rcx_mcsta.nom.log"

Mon May 25 11:45:17 UTC 2026 - Executing "sta -exit -no_init /openlane/scripts/openroad/sta/multi_corner.tcl |& tee /dev/null /openlane/designs/spm/runs/RUN_2026.05.25_11.42.59/logs/signoff/31-rcx_sta.log"

Mon May 25 11:45:18 UTC 2026 - Executing "openroad -exit /openlane/scripts/openroad/irdrop.tcl |& tee /dev/null /openlane/designs/spm/runs/RUN_2026.05.25_11.42.59/logs/signoff/32-irdrop.log"

Mon May 25 11:45:19 UTC 2026 - Executing "magic -noconsole -dnull -rcfile /home/loganathan/.ciel/sky130A/libs.tech/magic/sky130A.magicrc < /openlane/scripts/magic/wrapper.tcl |& tee /dev/null /openlane/designs/spm/runs/RUN_2026.05.25_11.42.59/logs/signoff/33-gdsii.log"

Mon May 25 11:45:20 UTC 2026 - Executing "magic -noconsole -dnull -rcfile /home/loganathan/.ciel/sky130A/libs.tech/magic/sky130A.magicrc < /openlane/scripts/magic/wrapper.tcl |& tee /dev/null /openlane/designs/spm/runs/RUN_2026.05.25_11.42.59/logs/signoff/33-gds_ptrs.log"

Mon May 25 11:45:21 UTC 2026 - Executing "sed -i.bak -n {/^<< properties >>/,/^<< end >>/p} /openlane/designs/spm/runs/RUN_2026.05.25_11.42.59/tmp/signoff/gds_ptrs.mag"

Mon May 25 11:45:21 UTC 2026 - Executing "magic -noconsole -dnull -rcfile /home/loganathan/.ciel/sky130A/libs.tech/magic/sky130A.magicrc < /openlane/scripts/magic/wrapper.tcl |& tee /dev/null /openlane/designs/spm/runs/RUN_2026.05.25_11.42.59/logs/signoff/33-lef.log"

Mon May 25 11:45:22 UTC 2026 - Executing "magic -noconsole -dnull -rcfile /home/loganathan/.ciel/sky130A/libs.tech/magic/sky130A.magicrc < /openlane/scripts/magic/wrapper.tcl |& tee /dev/null /openlane/designs/spm/runs/RUN_2026.05.25_11.42.59/logs/signoff/33-maglef.log"

Mon May 25 11:45:23 UTC 2026 - Executing "python3 /openlane/scripts/klayout/stream_out.py --output /openlane/designs/spm/runs/RUN_2026.05.25_11.42.59/results/signoff/spm.klayout.gds --lyt /home/loganathan/.ciel/sky130A/libs.tech/klayout/tech/sky130A.lyt --lym /home/loganathan/.ciel/sky130A/libs.tech/klayout/tech/sky130A.map --lyp /home/loganathan/.ciel/sky130A/libs.tech/klayout/tech/sky130A.lyp --top spm --with-gds-file /home/loganathan/.ciel/sky130A/libs.ref/sky130_fd_sc_hd/gds/sky130_fd_sc_hd.gds --input-lef /openlane/designs/spm/runs/RUN_2026.05.25_11.42.59/tmp/merged.nom.lef /openlane/designs/spm/runs/RUN_2026.05.25_11.42.59/results/routing/spm.def |& tee /dev/null /openlane/designs/spm/runs/RUN_2026.05.25_11.42.59/logs/signoff/34-gdsii-klayout.log"

Mon May 25 11:45:25 UTC 2026 - Executing "klayout -b -r /openlane/scripts/klayout/xor.drc -rd a=/openlane/designs/spm/runs/RUN_2026.05.25_11.42.59/results/signoff/spm.gds -rd b=/openlane/designs/spm/runs/RUN_2026.05.25_11.42.59/results/signoff/spm.klayout.gds -rd jobs=1 -rd rdb_out=/openlane/designs/spm/runs/RUN_2026.05.25_11.42.59/reports/signoff/35-xor.xml -rd ignore=81/14 -rd rpt_out=/openlane/designs/spm/runs/RUN_2026.05.25_11.42.59/reports/signoff/35-xor.rpt |& tee /dev/null /openlane/designs/spm/runs/RUN_2026.05.25_11.42.59/logs/signoff/35-xor.log"

Mon May 25 11:45:27 UTC 2026 - Executing "magic -noconsole -dnull -rcfile /home/loganathan/.ciel/sky130A/libs.tech/magic/sky130A.magicrc < /openlane/scripts/magic/wrapper.tcl |& tee /dev/null /openlane/designs/spm/runs/RUN_2026.05.25_11.42.59/logs/signoff/36-spice.log"

Mon May 25 11:45:28 UTC 2026 - Executing "openroad -exit -no_init -python /openlane/scripts/odbpy/power_utils.py write_powered_def --output /openlane/designs/spm/runs/RUN_2026.05.25_11.42.59/tmp/signoff/36-spm.p.def --input-lef /openlane/designs/spm/runs/RUN_2026.05.25_11.42.59/tmp/merged.nom.lef --power-port VPWR --ground-port VGND --powered-netlist {} /openlane/designs/spm/runs/RUN_2026.05.25_11.42.59/results/routing/spm.def |& tee /dev/null /openlane/designs/spm/runs/RUN_2026.05.25_11.42.59/logs/signoff/37-write_powered_def.log"

Mon May 25 11:45:29 UTC 2026 - Executing "openroad -exit /openlane/scripts/openroad/write_views.tcl |& tee /dev/null /openlane/designs/spm/runs/RUN_2026.05.25_11.42.59/logs/signoff/37-write_powered_verilog.log"

Mon May 25 11:45:30 UTC 2026 - Executing "sed -i.bak -e {s/\(set ::env(CURRENT_NETLIST)\).*/\1 \/openlane\/designs\/spm\/runs\/RUN_2026.05.25_11.42.59\/tmp\/signoff\/36-spm.nl.v/} /openlane/designs/spm/runs/RUN_2026.05.25_11.42.59/config.tcl"

Mon May 25 11:45:31 UTC 2026 - Executing "netgen -batch source /openlane/designs/spm/runs/RUN_2026.05.25_11.42.59/tmp/signoff/39-setup_file.lef.lvs |& tee /dev/null /openlane/designs/spm/runs/RUN_2026.05.25_11.42.59/logs/signoff/39-lvs.lef.log"

Mon May 25 11:45:31 UTC 2026 - Executing "magic -noconsole -dnull -rcfile /home/loganathan/.ciel/sky130A/libs.tech/magic/sky130A.magicrc < /openlane/scripts/magic/wrapper.tcl |& tee /dev/null /openlane/designs/spm/runs/RUN_2026.05.25_11.42.59/logs/signoff/40-drc.log"

Mon May 25 11:45:33 UTC 2026 - Executing "python3 /openlane/scripts/drc_rosetta.py magic to_tcl -o /openlane/designs/spm/runs/RUN_2026.05.25_11.42.59/reports/signoff/drc.tcl /openlane/designs/spm/runs/RUN_2026.05.25_11.42.59/reports/signoff/drc.rpt"

Mon May 25 11:45:33 UTC 2026 - Executing "python3 /openlane/scripts/drc_rosetta.py magic to_tr -o /openlane/designs/spm/runs/RUN_2026.05.25_11.42.59/reports/signoff/drc.tr /openlane/designs/spm/runs/RUN_2026.05.25_11.42.59/reports/signoff/drc.rpt"

Mon May 25 11:45:33 UTC 2026 - Executing "python3 /openlane/scripts/drc_rosetta.py tr to_klayout -o /openlane/designs/spm/runs/RUN_2026.05.25_11.42.59/reports/signoff/drc.klayout.xml --design-name spm /openlane/designs/spm/runs/RUN_2026.05.25_11.42.59/reports/signoff/drc.tr"

Mon May 25 11:45:33 UTC 2026 - Executing "python3 /openlane/scripts/drc_rosetta.py magic to_rdb -o /openlane/designs/spm/runs/RUN_2026.05.25_11.42.59/reports/signoff/drc.rdb /openlane/designs/spm/runs/RUN_2026.05.25_11.42.59/reports/signoff/drc.rpt"

Mon May 25 11:45:33 UTC 2026 - Executing "openroad -exit /openlane/scripts/openroad/antenna_check.tcl |& tee /dev/null /openlane/designs/spm/runs/RUN_2026.05.25_11.42.59/logs/signoff/41-arc.log"

Mon May 25 11:45:34 UTC 2026 - Executing "python3 /openlane/scripts/extract_antenna_violators.py --output /openlane/designs/spm/runs/RUN_2026.05.25_11.42.59/reports/signoff/41-antenna_violators.rpt --plain-out /openlane/designs/spm/runs/RUN_2026.05.25_11.42.59/reports/signoff/41-antenna_violators_pins.txt /openlane/designs/spm/runs/RUN_2026.05.25_11.42.59/logs/signoff/41-arc.log"

Mon May 25 11:45:35 UTC 2026 - Executing "awk -v vdd=VPWR -v gnd=VGND -f /home/loganathan/.ciel/sky130A/libs.tech/openlane/cvc/power.awk /openlane/designs/spm/runs/RUN_2026.05.25_11.42.59/tmp/signoff/36-spm.nl.v > /openlane/designs/spm/runs/RUN_2026.05.25_11.42.59/tmp/signoff/spm.power"

Mon May 25 11:45:35 UTC 2026 - Executing "awk -f /home/loganathan/.ciel/sky130A/libs.tech/openlane/cvc/cdl.awk /home/loganathan/.ciel/sky130A/libs.ref/sky130_fd_sc_hd/cdl/sky130_fd_sc_hd.cdl /openlane/designs/spm/runs/RUN_2026.05.25_11.42.59/results/signoff/spm.lef.spice > /openlane/designs/spm/runs/RUN_2026.05.25_11.42.59/tmp/signoff/spm.cdl"

Mon May 25 11:45:35 UTC 2026 - Executing "cvc_rv /home/loganathan/.ciel/sky130A/libs.tech/openlane/cvc/cvcrc |& tee /dev/null /openlane/designs/spm/runs/RUN_2026.05.25_11.42.59/logs/signoff/42-erc_screen.log"

